// Jest Snapshot v1, https://goo.gl/fbAQLP

exports[`Register View Render the component 1`] = `
<form action="">
  <div class="container"><label><b>email</b></label> <input type="text" placeholder="Enter email" name="email" required="required"> <label><b>Username</b></label> <input type="text" placeholder="Enter Username" name="uname" required="required"> <label><b>Password</b></label> <input type="password" placeholder="Enter Password" name="psw" required="required"> <button type="submit">Sign Up</button> <label><input type="checkbox" checked="checked" name="remember"> Remember me
    </label></div>
</form>
`;
