// Jest Snapshot v1, https://goo.gl/fbAQLP

exports[`Login View Render the component 1`] = `
<div class="card-login">
  <form action="">
    <div class="container"><label><b>Username</b></label> <input type="text" placeholder="Enter Username" name="uname" required="required"> <label><b>Password</b></label> <input type="password" placeholder="Enter Password" name="psw" required="required"> <button type="submit">Login</button> <label><input type="checkbox" checked="checked" name="remember"> Remember me
      </label></div>
    <div class="footer-container" style="background-color: rgb(241, 241, 241);"><button type="button" class="cancelbtn">Cancel</button> <span class="psw">
        Forgot
        <a href="#">password?</a></span></div>
  </form>
</div>
`;
