// Jest Snapshot v1, https://goo.gl/fbAQLP

exports[`NavBar View Render the component 1`] = `
<header>
  <nav class="navbar">
    <div class="logo-container"><span class="logo"><router-link-stub to="/" tag="a" event="click"><img src="@/assets/movie.png" height="24px" width="24px" alt="logo"></router-link-stub></span> <span>Super Movie DataBase</span></div>
    <div class="login-container">
      <div class="login-state">
        <div class="login-caps">
          <router-link-stub to="/login" tag="button" event="click" class="sign-button">Sign In</router-link-stub>
        </div>
        <!---->
      </div>
    </div>
  </nav>
</header>
`;
